// Jest Snapshot v1, https://goo.gl/fbAQLP

exports[`renders correctly 1`] = `
<View>
  <View
    style={
      Object {
        "alignItems": "center",
        "backgroundColor": "#abcccc",
      }
    }
  >
    <View
      style={
        Array [
          Object {
            "backgroundColor": "transparent",
            "height": 150,
            "paddingBottom": 10,
            "paddingRight": 10,
            "paddingTop": 10,
            "width": 150,
          },
          undefined,
          undefined,
        ]
      }
    >
      <View
        style={
          Array [
            Object {
              "alignItems": "center",
              "alignSelf": "stretch",
              "backgroundColor": "rgba(0,0,0,0.2)",
              "bottom": 0,
              "flex": 1,
              "justifyContent": "center",
              "left": 0,
              "position": "absolute",
              "right": 0,
              "top": 0,
            },
            undefined,
            Object {
              "backgroundColor": "#abcccc",
            },
          ]
        }
      >
        <Text
          accessible={true}
          allowFontScaling={true}
          ellipsizeMode="tail"
          style={
            Array [
              Object {},
              undefined,
              undefined,
              undefined,
              undefined,
              undefined,
              undefined,
              undefined,
              undefined,
              undefined,
              Array [
                Object {
                  "backgroundColor": "rgba(0,0,0,0)",
                  "color": "#ffffff",
                  "fontSize": 75,
                  "textAlign": "center",
                },
                undefined,
              ],
            ]
          }
        >
          tP
        </Text>
      </View>
    </View>
  </View>
  <View
    style={
      Object {
        "borderBottomColor": "#aaa",
        "borderBottomWidth": 1,
        "flexDirection": "row",
        "paddingLeft": 10,
      }
    }
  >
    <View
      style={
        Array [
          false,
          false,
          false,
          Object {
            "alignItems": "center",
            "backgroundColor": "transparent",
            "justifyContent": "center",
          },
          undefined,
        ]
      }
      underlayColor="white"
    >
      <Text
        accessible={true}
        allowFontScaling={false}
        ellipsizeMode="tail"
        style={
          Array [
            Object {
              "color": "black",
              "fontSize": 24,
            },
            Array [
              Object {
                "backgroundColor": "transparent",
              },
              undefined,
            ],
            Object {
              "fontFamily": "Material Icons",
              "fontStyle": "normal",
              "fontWeight": "normal",
            },
          ]
        }
      >
        
      </Text>
    </View>
    <Text
      accessible={true}
      allowFontScaling={true}
      ellipsizeMode="tail"
      style={
        Object {
          "fontSize": 18,
          "paddingBottom": 15,
          "paddingLeft": 20,
          "paddingTop": 15,
        }
      }
    >
      test Person
    </Text>
  </View>
  <View
    style={
      Object {
        "borderBottomColor": "#aaa",
        "borderBottomWidth": 1,
        "flexDirection": "row",
        "paddingLeft": 10,
      }
    }
  >
    <View
      style={
        Array [
          false,
          false,
          false,
          Object {
            "alignItems": "center",
            "backgroundColor": "transparent",
            "justifyContent": "center",
          },
          undefined,
        ]
      }
      underlayColor="white"
    >
      <Text
        accessible={true}
        allowFontScaling={false}
        ellipsizeMode="tail"
        style={
          Array [
            Object {
              "color": "black",
              "fontSize": 24,
            },
            Array [
              Object {
                "backgroundColor": "transparent",
              },
              undefined,
            ],
            Object {
              "fontFamily": "Material Icons",
              "fontStyle": "normal",
              "fontWeight": "normal",
            },
          ]
        }
      >
        
      </Text>
    </View>
    <Text
      accessible={true}
      allowFontScaling={true}
      ellipsizeMode="tail"
      style={
        Object {
          "fontSize": 18,
          "paddingBottom": 15,
          "paddingLeft": 20,
          "paddingTop": 15,
        }
      }
    >
      test Person
    </Text>
  </View>
  <View
    style={
      Object {
        "borderBottomColor": "#aaa",
        "borderBottomWidth": 1,
        "flexDirection": "row",
        "paddingLeft": 10,
      }
    }
  >
    <View
      style={
        Array [
          false,
          false,
          false,
          Object {
            "alignItems": "center",
            "backgroundColor": "transparent",
            "justifyContent": "center",
          },
          undefined,
        ]
      }
      underlayColor="white"
    >
      <Text
        accessible={true}
        allowFontScaling={false}
        ellipsizeMode="tail"
        style={
          Array [
            Object {
              "color": "black",
              "fontSize": 24,
            },
            Array [
              Object {
                "backgroundColor": "transparent",
              },
              undefined,
            ],
            Object {
              "fontFamily": "Material Icons",
              "fontStyle": "normal",
              "fontWeight": "normal",
            },
          ]
        }
      >
        
      </Text>
    </View>
    <Text
      accessible={true}
      allowFontScaling={true}
      ellipsizeMode="tail"
      style={
        Object {
          "fontSize": 18,
          "paddingBottom": 15,
          "paddingLeft": 20,
          "paddingTop": 15,
        }
      }
    >
      test Person
    </Text>
  </View>
</View>
`;
