// Jest Snapshot v1, https://goo.gl/fbAQLP

exports[`renders correctly 1`] = `
<View
  behaivor="padding"
  enabled={true}
  keyboardVerticalOffset={0}
  onLayout={[Function]}
  style={
    Object {
      "flex": 1,
    }
  }
>
  <View
    style={
      Object {
        "alignItems": "flex-end",
        "padding": 10,
      }
    }
  >
    <View
      accessible={true}
      isTVSelectable={true}
      onResponderGrant={[Function]}
      onResponderMove={[Function]}
      onResponderRelease={[Function]}
      onResponderTerminate={[Function]}
      onResponderTerminationRequest={[Function]}
      onStartShouldSetResponder={[Function]}
      style={
        Array [
          false,
          false,
          false,
          Object {
            "alignItems": "center",
            "backgroundColor": "transparent",
            "justifyContent": "center",
          },
          undefined,
        ]
      }
    >
      <Text
        accessible={true}
        allowFontScaling={false}
        ellipsizeMode="tail"
        style={
          Array [
            Object {
              "color": "black",
              "fontSize": 50,
            },
            Array [
              Object {
                "backgroundColor": "transparent",
              },
              undefined,
            ],
            Object {
              "fontFamily": "Material Icons",
              "fontStyle": "normal",
              "fontWeight": "normal",
            },
          ]
        }
      >
        îŸ¾
      </Text>
    </View>
  </View>
  <View>
    <View
      style={
        Array [
          Object {},
          undefined,
        ]
      }
    >
      <Text
        accessible={true}
        allowFontScaling={true}
        ellipsizeMode="tail"
        style={
          Array [
            Object {},
            undefined,
            undefined,
            undefined,
            undefined,
            undefined,
            undefined,
            undefined,
            undefined,
            undefined,
            Array [
              Object {
                "color": "#86939e",
                "fontSize": 15,
                "fontWeight": "bold",
                "marginBottom": 1,
                "marginLeft": 20,
                "marginRight": 20,
                "marginTop": 15,
              },
              undefined,
              undefined,
            ],
          ]
        }
      >
        Name
      </Text>
    </View>
    <View
      style={
        Object {
          "borderBottomColor": "#bdc6cf",
          "borderBottomWidth": 1,
          "marginLeft": 20,
          "marginRight": 20,
          "transform": Array [
            Object {
              "translateX": 0,
            },
          ],
        }
      }
    >
      <TextInput
        allowFontScaling={true}
        onChangeText={[Function]}
        style={
          Array [
            Object {
              "color": "#86939e",
              "minHeight": 36,
              "width": 750,
            },
            Object {
              "fontSize": 17.5,
            },
            undefined,
          ]
        }
      />
    </View>
    <View
      style={
        Array [
          Object {},
          undefined,
        ]
      }
    >
      <Text
        accessible={true}
        allowFontScaling={true}
        ellipsizeMode="tail"
        style={
          Array [
            Object {},
            undefined,
            undefined,
            undefined,
            undefined,
            undefined,
            undefined,
            undefined,
            undefined,
            undefined,
            Array [
              Object {
                "color": "#86939e",
                "fontSize": 15,
                "fontWeight": "bold",
                "marginBottom": 1,
                "marginLeft": 20,
                "marginRight": 20,
                "marginTop": 15,
              },
              undefined,
              undefined,
            ],
          ]
        }
      >
        Number
      </Text>
    </View>
    <View
      style={
        Object {
          "borderBottomColor": "#bdc6cf",
          "borderBottomWidth": 1,
          "marginLeft": 20,
          "marginRight": 20,
          "transform": Array [
            Object {
              "translateX": 0,
            },
          ],
        }
      }
    >
      <TextInput
        allowFontScaling={true}
        keyboardType="numeric"
        onChangeText={[Function]}
        style={
          Array [
            Object {
              "color": "#86939e",
              "minHeight": 36,
              "width": 750,
            },
            Object {
              "fontSize": 17.5,
            },
            undefined,
          ]
        }
      />
    </View>
    <View
      style={
        Array [
          Object {},
          undefined,
        ]
      }
    >
      <Text
        accessible={true}
        allowFontScaling={true}
        ellipsizeMode="tail"
        style={
          Array [
            Object {},
            undefined,
            undefined,
            undefined,
            undefined,
            undefined,
            undefined,
            undefined,
            undefined,
            undefined,
            Array [
              Object {
                "color": "#86939e",
                "fontSize": 15,
                "fontWeight": "bold",
                "marginBottom": 1,
                "marginLeft": 20,
                "marginRight": 20,
                "marginTop": 15,
              },
              undefined,
              undefined,
            ],
          ]
        }
      >
        Email
      </Text>
    </View>
    <View
      style={
        Object {
          "borderBottomColor": "#bdc6cf",
          "borderBottomWidth": 1,
          "marginLeft": 20,
          "marginRight": 20,
          "transform": Array [
            Object {
              "translateX": 0,
            },
          ],
        }
      }
    >
      <TextInput
        allowFontScaling={true}
        keyboardType="email-address"
        onChangeText={[Function]}
        style={
          Array [
            Object {
              "color": "#86939e",
              "minHeight": 36,
              "width": 750,
            },
            Object {
              "fontSize": 17.5,
            },
            undefined,
          ]
        }
      />
    </View>
  </View>
</View>
`;
