// Jest Snapshot v1, https://goo.gl/fbAQLP

exports[`renders correctly 1`] = `
<View
  style={
    Object {
      "flex": 1,
    }
  }
>
  <View
    style={
      Object {
        "alignItems": "flex-end",
      }
    }
  >
    <View
      accessible={true}
      isTVSelectable={true}
      onResponderGrant={[Function]}
      onResponderMove={[Function]}
      onResponderRelease={[Function]}
      onResponderTerminate={[Function]}
      onResponderTerminationRequest={[Function]}
      onStartShouldSetResponder={[Function]}
      style={
        Array [
          false,
          false,
          false,
          Object {
            "alignItems": "center",
            "backgroundColor": "transparent",
            "justifyContent": "center",
          },
          undefined,
        ]
      }
    >
      <Text
        accessible={true}
        allowFontScaling={false}
        ellipsizeMode="tail"
        style={
          Array [
            Object {
              "color": "black",
              "fontSize": 70,
            },
            Array [
              Object {
                "backgroundColor": "transparent",
              },
              undefined,
            ],
            Object {
              "fontFamily": "Material Icons",
              "fontStyle": "normal",
              "fontWeight": "normal",
            },
          ]
        }
      >
        îŸ¾
      </Text>
    </View>
  </View>
  <View
    style={
      Object {
        "flex": 1,
      }
    }
  >
    <Text
      accessible={true}
      allowFontScaling={true}
      ellipsizeMode="tail"
    >
      Contacts
    </Text>
  </View>
</View>
`;
