// Jest Snapshot v1, https://goo.gl/fbAQLP

exports[`renders correctly 1`] = `
<View
  accessible={true}
  isTVSelectable={true}
  onResponderGrant={[Function]}
  onResponderMove={[Function]}
  onResponderRelease={[Function]}
  onResponderTerminate={[Function]}
  onResponderTerminationRequest={[Function]}
  onStartShouldSetResponder={[Function]}
  style={null}
>
  <View
    style={
      Object {
        "borderBottomColor": "#aaa",
        "borderBottomWidth": 1,
        "flex": 1,
        "flexDirection": "row",
        "paddingBottom": 10,
        "paddingTop": 10,
      }
    }
  >
    <View
      style={
        Array [
          Object {
            "backgroundColor": "transparent",
            "height": 50,
            "paddingBottom": 10,
            "paddingRight": 10,
            "paddingTop": 10,
            "width": 50,
          },
          Object {
            "borderRadius": 25,
          },
          undefined,
        ]
      }
    >
      <View
        style={
          Array [
            Object {
              "alignItems": "center",
              "alignSelf": "stretch",
              "backgroundColor": "rgba(0,0,0,0.2)",
              "bottom": 0,
              "flex": 1,
              "justifyContent": "center",
              "left": 0,
              "position": "absolute",
              "right": 0,
              "top": 0,
            },
            Object {
              "borderRadius": 25,
            },
            undefined,
          ]
        }
      >
        <Text
          accessible={true}
          allowFontScaling={true}
          ellipsizeMode="tail"
          style={
            Array [
              Object {},
              undefined,
              undefined,
              undefined,
              undefined,
              undefined,
              undefined,
              undefined,
              undefined,
              undefined,
              Array [
                Object {
                  "backgroundColor": "rgba(0,0,0,0)",
                  "color": "#ffffff",
                  "fontSize": 25,
                  "textAlign": "center",
                },
                undefined,
              ],
            ]
          }
        >
          TP
        </Text>
      </View>
    </View>
    <View
      style={
        Object {
          "justifyContent": "center",
        }
      }
    >
      <Text
        accessible={true}
        allowFontScaling={true}
        ellipsizeMode="tail"
        style={
          Object {
            "fontSize": 18,
            "paddingLeft": 20,
          }
        }
      >
        Test Person
      </Text>
    </View>
  </View>
</View>
`;
